Archive member included to satisfy reference by file (symbol)

/opt/esp-open-sdk/sdk/lib/libmain.a(debug-vector.o)
                              (_DebugExceptionVector)
/opt/esp-open-sdk/sdk/lib/libmain.a(double-vector.o)
                              (_DoubleExceptionVector)
/opt/esp-open-sdk/sdk/lib/libmain.a(kernel-vector.o)
                              (_KernelExceptionVector)
/opt/esp-open-sdk/sdk/lib/libmain.a(nmi-vector.o)
                              (_NMIExceptionVector)
/opt/esp-open-sdk/sdk/lib/libmain.a(user-vector.o)
                              (_UserExceptionVector)
/opt/esp-open-sdk/sdk/lib/libmain.a(vector.o)
                              (call_user_start)
/opt/esp-open-sdk/sdk/lib/libmain.a(app_main.o)
                              /opt/esp-open-sdk/sdk/lib/libmain.a(nmi-vector.o) (NMI_Handler)
/opt/esp-open-sdk/sdk/lib/libmain.a(ets_timer.o)
                              /opt/esp-open-sdk/sdk/lib/libmain.a(app_main.o) (ets_timer_setfn)
/opt/esp-open-sdk/sdk/lib/libmain.a(mem_manager.o)
                              /opt/esp-open-sdk/sdk/lib/libmain.a(app_main.o) (pvPortMalloc)
/opt/esp-open-sdk/sdk/lib/libmain.a(spi_flash.o)
                              /opt/esp-open-sdk/sdk/lib/libmain.a(app_main.o) (spi_flash_get_id)
/opt/esp-open-sdk/sdk/lib/libmain.a(user_interface.o)
                              /opt/esp-open-sdk/sdk/lib/libmain.a(app_main.o) (done_cb)
/opt/esp-open-sdk/sdk/lib/libmain.a(eagle_lib.o)
                              /opt/esp-open-sdk/sdk/lib/libmain.a(user_interface.o) (ets_sprintf)
/opt/esp-open-sdk/sdk/lib/libmain.a(eagle_lwip_if.o)
                              /opt/esp-open-sdk/sdk/lib/libmain.a(user_interface.o) (hostname)
/opt/sming/Sming/compiler/lib//libsming.a(user_main.o)
                              /opt/esp-open-sdk/sdk/lib/libmain.a(app_main.o) (user_init)
/opt/sming/Sming/compiler/lib//libsming.a(System.o)
                              /opt/sming/Sming/compiler/lib//libsming.a(user_main.o) (_ZN11SystemClass10initializeEv)
/opt/sming/Sming/compiler/lib//libsming.a(esp_cplusplus.o)
                              /opt/sming/Sming/compiler/lib//libsming.a(user_main.o) (cpp_core_initialize)
/opt/sming/Sming/compiler/lib//libsming.a(m_printf.o)
                              /opt/sming/Sming/compiler/lib//libsming.a(esp_cplusplus.o) (m_printf)
/opt/sming/Sming/compiler/lib//libsming.a(stringconversion.o)
                              /opt/sming/Sming/compiler/lib//libsming.a(m_printf.o) (ltoa_w)
/opt/sming/Sming/compiler/lib//libsming.a(IPAddress.o)
                              /opt/sming/Sming/compiler/lib//libsming.a(user_main.o) (_ZN9IPAddressC1Ehhhh)
/opt/sming/Sming/compiler/lib//libsming.a(Print.o)
                              /opt/sming/Sming/compiler/lib//libsming.a(IPAddress.o) (_ZN5Print5printEc)
/opt/sming/Sming/compiler/lib//libsming.a(WString.o)
                              /opt/sming/Sming/compiler/lib//libsming.a(IPAddress.o) (_ZN6StringD1Ev)
/opt/sming/Sming/compiler/lib//libsming.a(Interrupts.o)
                              /opt/sming/Sming/compiler/lib//libsming.a(System.o) (_Z12noInterruptsv)
/opt/sming/Sming/compiler/lib//libsming.a(Digital.o)
                              /opt/sming/Sming/compiler/lib//libsming.a(Interrupts.o) (_Z7pinModeth)
out/build/app_app.a(application.o)
                              /opt/sming/Sming/compiler/lib//libsming.a(user_main.o) (_Z4initv)
/opt/sming/Sming/compiler/lib//libmicroc.a(isspace.o)
                              /opt/sming/Sming/compiler/lib//libsming.a(WString.o) (isspace)
/opt/sming/Sming/compiler/lib//libmicroc.a(tolower.o)
                              /opt/sming/Sming/compiler/lib//libsming.a(WString.o) (tolower)
/opt/sming/Sming/compiler/lib//libmicroc.a(toupper.o)
                              /opt/sming/Sming/compiler/lib//libsming.a(WString.o) (toupper)
/opt/sming/Sming/compiler/lib//libmicroc.a(atof.o)
                              /opt/sming/Sming/compiler/lib//libsming.a(WString.o) (atof)
/opt/sming/Sming/compiler/lib//libmicroc.a(atoi.o)
                              /opt/sming/Sming/compiler/lib//libsming.a(WString.o) (atoi)
/opt/sming/Sming/compiler/lib//libmicroc.a(strtod.o)
                              /opt/sming/Sming/compiler/lib//libmicroc.a(atof.o) (strtod)
/opt/sming/Sming/compiler/lib//libmicroc.a(__fpclassify.o)
                              /opt/sming/Sming/compiler/lib//libsming.a(stringconversion.o) (__fpclassifyd)
/opt/sming/Sming/compiler/lib//libmicroc.a(strchr.o)
                              /opt/sming/Sming/compiler/lib//libsming.a(WString.o) (strchr)
/opt/sming/Sming/compiler/lib//libmicroc.a(strrchr.o)
                              /opt/sming/Sming/compiler/lib//libsming.a(WString.o) (strrchr)
/opt/sming/Sming/compiler/lib//libmicroc.a(strchrnul.o)
                              /opt/sming/Sming/compiler/lib//libmicroc.a(strchr.o) (__strchrnul)
/opt/sming/Sming/compiler/lib//libmicroc.a(malloc.o)
[...]
Memory Configuration

Name             Origin             Length             Attributes
dport0_0_seg     0x000000003ff00000 0x0000000000000010
dram0_0_seg      0x000000003ffe8000 0x0000000000014000
iram1_0_seg      0x0000000040100000 0x0000000000008000
irom0_0_seg      0x0000000040209000 0x0000000000042000
*default*        0x0000000000000000 0xffffffffffffffff

Linker script and memory map

START GROUP
LOAD /opt/sming/Sming/compiler/lib//libmicroc.a
LOAD /opt/sming/Sming/compiler/lib//libmicrogcc.a
LOAD /opt/esp-open-sdk/xtensa-lx106-elf/xtensa-lx106-elf/sysroot/usr/lib/libhal.a
LOAD /opt/esp-open-sdk/sdk/lib/libphy.a
LOAD /opt/esp-open-sdk/sdk/lib/libpp.a
LOAD /opt/esp-open-sdk/sdk/lib/libnet80211.a
LOAD /opt/esp-open-sdk/sdk/lib/liblwip.a
LOAD /opt/esp-open-sdk/sdk/lib/libwpa.a
LOAD /opt/esp-open-sdk/sdk/lib/libmain.a
LOAD /opt/sming/Sming/compiler/lib//libsming.a
LOAD /opt/esp-open-sdk/sdk/lib/libcrypto.a
LOAD /opt/esp-open-sdk/sdk/lib/libpwm.a
LOAD /opt/esp-open-sdk/sdk/lib/libsmartconfig.a
LOAD out/build/app_app.a
END GROUP
                [!provide]                        PROVIDE (_memmap_vecbase_reset, 0x40000000)
                0x0000000000000110                _memmap_cacheattr_wb_base = 0x110
                0x0000000000000110                _memmap_cacheattr_wt_base = 0x110
                0x0000000000000220                _memmap_cacheattr_bp_base = 0x220
                0x00000000fffff00f                _memmap_cacheattr_unused_mask = 0xfffff00f
                0x000000002222211f                _memmap_cacheattr_wb_trapnull = 0x2222211f
                0x000000002222211f                _memmap_cacheattr_wba_trapnull = 0x2222211f
                0x000000002222211f                _memmap_cacheattr_wbna_trapnull = 0x2222211f
                0x000000002222211f                _memmap_cacheattr_wt_trapnull = 0x2222211f
                0x000000002222222f                _memmap_cacheattr_bp_trapnull = 0x2222222f
                0x00000000fffff11f                _memmap_cacheattr_wb_strict = 0xfffff11f
                0x00000000fffff11f                _memmap_cacheattr_wt_strict = 0xfffff11f
                0x00000000fffff22f                _memmap_cacheattr_bp_strict = 0xfffff22f
                0x0000000022222112                _memmap_cacheattr_wb_allvalid = 0x22222112
                0x0000000022222112                _memmap_cacheattr_wt_allvalid = 0x22222112
                0x0000000022222222                _memmap_cacheattr_bp_allvalid = 0x22222222
                [!provide]                        PROVIDE (_memmap_cacheattr_reset, _memmap_cacheattr_wb_trapnull)

.dport0.rodata  0x000000003ff00000        0x0
                0x000000003ff00000                _dport0_rodata_start = ABSOLUTE (.)
 *(.dport0.rodata)
 *(.dport.rodata)
                0x000000003ff00000                _dport0_rodata_end = ABSOLUTE (.)

.dport0.literal
                0x000000003ff00000        0x0
                0x000000003ff00000                _dport0_literal_start = ABSOLUTE (.)
 *(.dport0.literal)
 *(.dport.literal)
                0x000000003ff00000                _dport0_literal_end = ABSOLUTE (.)

.dport0.data    0x000000003ff00000        0x0
                0x000000003ff00000                _dport0_data_start = ABSOLUTE (.)
 *(.dport0.data)
 *(.dport.data)
                0x000000003ff00000                _dport0_data_end = ABSOLUTE (.)

.data           0x000000003ffe8000      0x375
                0x000000003ffe8000                _data_start = ABSOLUTE (.)
 *(.data)
 .data          0x000000003ffe8000        0x4 /opt/esp-open-sdk/sdk/lib/libmain.a(nmi-vector.o)
                0x000000003ffe8000                _Pri_3_HandlerAddress
 .data          0x000000003ffe8004        0x1 /opt/esp-open-sdk/sdk/lib/libmain.a(app_main.o)
 *fill*         0x000000003ffe8005        0x3 
 .data          0x000000003ffe8008        0x6 /opt/esp-open-sdk/sdk/lib/libmain.a(user_interface.o)
                0x000000003ffe8009                timer2_ms_flag
                0x000000003ffe800a                dhcps_flag
                0x000000003ffe800b                dhcpc_flag
                0x000000003ffe800d                reconnect_internal
 *fill*         0x000000003ffe800e        0x2 
 .data          0x000000003ffe8010        0x1 /opt/esp-open-sdk/sdk/lib/libmain.a(eagle_lwip_if.o)
                0x000000003ffe8010                default_hostname
 *fill*         0x000000003ffe8011        0xf 
 .data          0x000000003ffe8020       0x53 /opt/esp-open-sdk/sdk/lib/libphy.a(phy_chip_v6.o)
                0x000000003ffe8022                tx_rf_ana_gain
                0x000000003ffe8050                rx_gain_swp
                0x000000003ffe8070                test_rffreq_txcap
 *fill*         0x000000003ffe8073        0x1 
 .data          0x000000003ffe8074        0x1 /opt/esp-open-sdk/sdk/lib/libphy.a(phy_chip_v6_cal.o)
                0x000000003ffe8074                rfcal_bb_atten_init
 *fill*         0x000000003ffe8075        0x3 
 .data          0x000000003ffe8078        0x4 /opt/esp-open-sdk/sdk/lib/libphy.a(phy_sleep.o)
                0x000000003ffe8078                chip_version
 .data          0x000000003ffe807c        0x1 /opt/esp-open-sdk/sdk/lib/libpp.a(pm.o)
 *fill*         0x000000003ffe807d        0x3 
 .data          0x000000003ffe8080        0x1 /opt/esp-open-sdk/sdk/lib/libpp.a(pm_for_bcn_only_mode.o)
 *fill*         0x000000003ffe8081        0x3 
 .data          0x000000003ffe8084       0x1c /opt/esp-open-sdk/sdk/lib/libpp.a(pp.o)
                0x000000003ffe8084                soft_wdt_interval
                0x000000003ffe8088                NoiseTimerInterval
                0x000000003ffe8090                sleep_start_wait_time
                0x000000003ffe8098                CanDoFreqCal
                0x000000003ffe809c                tcb
 .data          0x000000003ffe80a0       0x40 /opt/esp-open-sdk/sdk/lib/libpp.a(rate_control.o)
 .data          0x000000003ffe80e0      0x24c /opt/esp-open-sdk/sdk/lib/libpp.a(trc.o)
 .data          0x000000003ffe832c        0x8 /opt/esp-open-sdk/sdk/lib/libpp.a(wdev.o)
 .data          0x000000003ffe8334        0x1 /opt/esp-open-sdk/sdk/lib/libnet80211.a(ieee80211_hostap.o)
                0x000000003ffe8334                TmpSTAAPCloseAP
 *fill*         0x000000003ffe8335        0x3 
 .data          0x000000003ffe8338        0x1 /opt/esp-open-sdk/sdk/lib/libnet80211.a(wl_cnx.o)
 *fill*         0x000000003ffe8339        0x7 
 .data          0x000000003ffe8340       0x1c /opt/esp-open-sdk/sdk/lib/libnet80211.a(ieee80211_action.o)
 .data          0x000000003ffe835c        0x4 /opt/esp-open-sdk/sdk/lib/liblwip.a(dhcp.o)
 .data          0x000000003ffe8360        0x5 /opt/esp-open-sdk/sdk/lib/liblwip.a(dhcpserver.o)
                0x000000003ffe8360                dhcps_lease_time
 *fill*         0x000000003ffe8365        0x3 
 .data          0x000000003ffe8368        0x8 /opt/esp-open-sdk/sdk/lib/liblwip.a(tcp.o)
 *(.data.*)
 .data.cbc_printchar
                0x000000003ffe8370        0x4 /opt/sming/Sming/compiler/lib//libsming.a(m_printf.o)
                0x000000003ffe8370                cbc_printchar
 .data.state    0x000000003ffe8374        0x1 out/build/app_app.a(application.o)
                0x000000003ffe8374                state
 *(.gnu.linkonce.d.*)
 *(.data1)
 *(.sdata)
 *(.sdata.*)
 *(.gnu.linkonce.s.*)
 *(.sdata2)
 *(.sdata2.*)
 *(.gnu.linkonce.s2.*)
 *(.jcr)
                0x000000003ffe8375                _data_end = ABSOLUTE (.)

.rodata         0x000000003ffe8380      0x2f0
                0x000000003ffe8380                _rodata_start = ABSOLUTE (.)
 *(.sdk.version)
 .sdk.version   0x000000003ffe8380       0x10 /opt/esp-open-sdk/sdk/lib/libmain.a(app_main.o)
                0x000000003ffe8380                SDK_VERSION
 *(.rodata)
 .rodata        0x000000003ffe8390        0x8 /opt/esp-open-sdk/sdk/lib/libphy.a(phy_chip_v6.o)
 .rodata        0x000000003ffe8398        0x4 /opt/esp-open-sdk/sdk/lib/libpp.a(pp.o)
 .rodata        0x000000003ffe839c        0x8 /opt/esp-open-sdk/sdk/lib/libnet80211.a(ieee80211_hostap.o)
 .rodata        0x000000003ffe83a4        0x9 /opt/esp-open-sdk/sdk/lib/libnet80211.a(ieee80211_output.o)
 *fill*         0x000000003ffe83ad        0x3 
 .rodata        0x000000003ffe83b0        0x6 /opt/esp-open-sdk/sdk/lib/liblwip.a(etharp.o)
                0x000000003ffe83b0                ethbroadcast
 *(.rodata.*)
 *fill*         0x000000003ffe83b6        0x2 
 .rodata.str1.4
                0x000000003ffe83b8        0xc /opt/esp-open-sdk/sdk/lib/libmain.a(app_main.o)
 .rodata.str1.4
                0x000000003ffe83c4        0x4 /opt/esp-open-sdk/sdk/lib/libmain.a(ets_timer.o)
                                          0xc (size before relaxing)
 .rodata.str1.4
                0x000000003ffe83c8       0x1a /opt/esp-open-sdk/sdk/lib/libmain.a(mem_manager.o)
 *fill*         0x000000003ffe83e2        0x2 
 .rodata._ZL14EspDigitalPins
                0x000000003ffe83e4       0xc0 /opt/sming/Sming/compiler/lib//libsming.a(user_main.o)
 *fill*         0x000000003ffe84a4        0x4 
 .rodata._ZTV6VectorI8DelegateIFvvEEE
                0x000000003ffe84a8       0x1c /opt/sming/Sming/compiler/lib//libsming.a(System.o)
                0x000000003ffe84a8                _ZTV6VectorI8DelegateIFvvEEE
 *fill*         0x000000003ffe84c4        0x4 
 .rodata._ZTV6VectorIP19ISystemReadyHandlerE
                0x000000003ffe84c8       0x1c /opt/sming/Sming/compiler/lib//libsming.a(System.o)
                0x000000003ffe84c8                _ZTV6VectorIP19ISystemReadyHandlerE
 .rodata.str1.1
                0x000000003ffe84e4       0x21 /opt/sming/Sming/compiler/lib//libsming.a(stringconversion.o)
 *fill*         0x000000003ffe8505        0x3 
 .rodata._ZTV9IPAddress
                0x000000003ffe8508        0xc /opt/sming/Sming/compiler/lib//libsming.a(IPAddress.o)
                0x000000003ffe8508                _ZTV9IPAddress
 .rodata.str1.1
                0x000000003ffe8514       0x23 /opt/sming/Sming/compiler/lib//libsming.a(Digital.o)
 *fill*         0x000000003ffe8537        0x1 
 .rodata._ZL14EspDigitalPins
                0x000000003ffe8538       0xc0 /opt/sming/Sming/compiler/lib//libsming.a(Digital.o)
 .rodata.str1.1
                0x000000003ffe85f8        0xc /opt/sming/Sming/compiler/lib//libmicroc.a(abort.o)
 .rodata.str1.4
                0x000000003ffe8604        0x4 /opt/esp-open-sdk/sdk/lib/libpp.a(lmac.o)
                                          0xc (size before relaxing)
 .rodata.str1.4
                0x000000003ffe8608        0x3 /opt/esp-open-sdk/sdk/lib/libpp.a(pm.o)
                                          0xb (size before relaxing)
 *fill*         0x000000003ffe860b        0x1 
 .rodata.str1.4
                0x000000003ffe860c        0x4 /opt/esp-open-sdk/sdk/lib/libpp.a(pm_for_bcn_only_mode.o)
                                          0xc (size before relaxing)
 .rodata.str1.4
                0x000000003ffe8610        0x8 /opt/esp-open-sdk/sdk/lib/libpp.a(pp.o)
                                         0x10 (size before relaxing)
 .rodata.str1.4
                0x000000003ffe8618        0x4 /opt/esp-open-sdk/sdk/lib/libpp.a(wdev.o)
                                          0xc (size before relaxing)
 .rodata.str1.4
                0x000000003ffe861c        0x3 /opt/esp-open-sdk/sdk/lib/libnet80211.a(ieee80211_hostap.o)
                                          0x8 (size before relaxing)
 *fill*         0x000000003ffe861f        0x1 
 .rodata.str1.4
                0x000000003ffe8620        0x7 /opt/esp-open-sdk/sdk/lib/libnet80211.a(ieee80211_mesh_quick.o)
 .rodata.str1.4
                0x000000003ffe8627        0x4 /opt/esp-open-sdk/sdk/lib/libnet80211.a(ieee80211_sta.o)
 .rodata.str1.4
                0x000000003ffe8627        0x4 /opt/esp-open-sdk/sdk/lib/libnet80211.a(ieee80211_action_vendor.o)
 .rodata.str1.4
                0x000000003ffe8627        0x4 /opt/esp-open-sdk/sdk/lib/libnet80211.a(ieee80211_ie_vendor.o)
 .rodata.str1.4
                0x000000003ffe8627        0x7 /opt/esp-open-sdk/sdk/lib/liblwip.a(espconn_tcp.o)
                                          0x1 (size before relaxing)
 *fill*         0x000000003ffe8627        0x1 
 .rodata.str1.4
                0x000000003ffe8628       0x10 /opt/esp-open-sdk/sdk/lib/libwpa.a(wpa_debug.o)
                                          0xd (size before relaxing)
 *(.gnu.linkonce.r.*)
 *(.rodata1)
                0x000000003ffe8638                __XT_EXCEPTION_TABLE__ = ABSOLUTE (.)
 *(.xt_except_table)
 *(.gcc_except_table)
 *(.gnu.linkonce.e.*)
 *(.gnu.version_r)
 *(.eh_frame)
                0x000000003ffe8638                . = ((. + 0x3) & 0xfffffffffffffffc)
                0x000000003ffe8638                __dso_handle = ABSOLUTE (.)
                0x000000003ffe8638                __init_array_start = ABSOLUTE (.)
 *crtbegin.o(.ctors)
 *(EXCLUDE_FILE(*crtend.o) .ctors)
 .ctors         0x000000003ffe8638        0x4 /opt/sming/Sming/compiler/lib//libsming.a(user_main.o)
 .ctors         0x000000003ffe863c        0x4 /opt/sming/Sming/compiler/lib//libsming.a(System.o)
 .ctors         0x000000003ffe8640        0x4 /opt/sming/Sming/compiler/lib//libsming.a(m_printf.o)
 .ctors         0x000000003ffe8644        0x4 /opt/sming/Sming/compiler/lib//libsming.a(IPAddress.o)
 .ctors         0x000000003ffe8648        0x4 /opt/sming/Sming/compiler/lib//libsming.a(Print.o)
 .ctors         0x000000003ffe864c        0x4 /opt/sming/Sming/compiler/lib//libsming.a(WString.o)
 .ctors         0x000000003ffe8650        0x4 /opt/sming/Sming/compiler/lib//libsming.a(Interrupts.o)
 .ctors         0x000000003ffe8654        0x4 /opt/sming/Sming/compiler/lib//libsming.a(Digital.o)
 .ctors         0x000000003ffe8658        0x4 out/build/app_app.a(application.o)
 *(SORT(.ctors.*))
 *(.ctors)
                0x000000003ffe865c                __init_array_end = ABSOLUTE (.)
 *crtbegin.o(.dtors)
 *(EXCLUDE_FILE(*crtend.o) .dtors)
 .dtors         0x000000003ffe865c        0x4 /opt/sming/Sming/compiler/lib//libsming.a(System.o)
 .dtors         0x000000003ffe8660        0x4 /opt/sming/Sming/compiler/lib//libsming.a(Interrupts.o)
 .dtors         0x000000003ffe8664        0x4 out/build/app_app.a(application.o)
 *(SORT(.dtors.*))
 *(.dtors)
                0x000000003ffe8668                __XT_EXCEPTION_DESCS__ = ABSOLUTE (.)
 *(.xt_except_desc)
 *(.gnu.linkonce.h.*)
                0x000000003ffe8668                __XT_EXCEPTION_DESCS_END__ = ABSOLUTE (.)
 *(.xt_except_desc_end)
 *(.dynamic)
 *(.gnu.version_d)
                0x000000003ffe8668                . = ALIGN (0x4)
                0x000000003ffe8668                _bss_table_start = ABSOLUTE (.)
                0x000000003ffe8668        0x4 LONG 0x3ffe8670 _bss_start
                0x000000003ffe866c        0x4 LONG 0x3ffeea18 _bss_end
                0x000000003ffe8670                _bss_table_end = ABSOLUTE (.)
                0x000000003ffe8670                _rodata_end = ABSOLUTE (.)

.bss            0x000000003ffe8670     0x63a8
                0x000000003ffe8670                . = ALIGN (0x8)
                0x000000003ffe8670                _bss_start = ABSOLUTE (.)
 *(.dynsbss)
 *(.sbss)
 *(.sbss.*)
 *(.gnu.linkonce.sb.*)
 *(.scommon)
 *(.sbss2)
 *(.sbss2.*)
 *(.gnu.linkonce.sb2.*)
 *(.dynbss)
 *(.bss)
 .bss           0x000000003ffe8670      0x1c0 /opt/esp-open-sdk/sdk/lib/libmain.a(nmi-vector.o)
 .bss           0x000000003ffe8830       0x41 /opt/esp-open-sdk/sdk/lib/libmain.a(app_main.o)
                0x000000003ffe8834                info
                0x000000003ffe8858                lwip_timer_interval
                0x000000003ffe885c                check_timeouts_timer
                0x000000003ffe8870                user_init_flag
 *fill*         0x000000003ffe8871        0xf 
 .bss           0x000000003ffe8880       0x30 /opt/esp-open-sdk/sdk/lib/libmain.a(ets_timer.o)
                0x000000003ffe8880                dbg_timer_flag
                0x000000003ffe8884                timer_list
                0x000000003ffe8888                debug_timer
                0x000000003ffe888c                debug_timerfn
 .bss           0x000000003ffe88b0       0x3c /opt/esp-open-sdk/sdk/lib/libmain.a(mem_manager.o)
 .bss           0x000000003ffe88ec        0x4 /opt/esp-open-sdk/sdk/lib/libmain.a(spi_flash.o)
                0x000000003ffe88ec                flash_read
 .bss           0x000000003ffe88f0      0x242 /opt/esp-open-sdk/sdk/lib/libmain.a(user_interface.o)
                0x000000003ffe89e7                deep_sleep_flag
                0x000000003ffe89e8                cpu_overclock
                0x000000003ffe89ec                event_cb
                0x000000003ffe89f0                status_led_output_level
                0x000000003ffe89f4                done_cb
                0x000000003ffe89f8                rst_if
                0x000000003ffe8a14                default_interface
                0x000000003ffe8a15                OpmodChgIsOnGoing
                0x000000003ffe8a18                promiscuous_cb
                0x000000003ffe8a30                event_TaskQueue
 *fill*         0x000000003ffe8b32        0x2 
 .bss           0x000000003ffe8b34        0xc /opt/esp-open-sdk/sdk/lib/libmain.a(eagle_lwip_if.o)
                0x000000003ffe8b34                hostname
 .bss           0x000000003ffe8b40        0x4 /opt/esp-open-sdk/sdk/lib/libphy.a(phy.o)
 .bss           0x000000003ffe8b44        0x2 /opt/esp-open-sdk/sdk/lib/libphy.a(phy_chip_v6_ana.o)
                0x000000003ffe8b44                tout_dis_txpwr_track
                0x000000003ffe8b45                sleep_mode_flag
 *fill*         0x000000003ffe8b46        0x2 
 .bss           0x000000003ffe8b48      0x15b /opt/esp-open-sdk/sdk/lib/libphy.a(phy_chip_v6.o)
                0x000000003ffe8b48                g_phyFuns
                0x000000003ffe8b4c                rxiq_compute_num
                0x000000003ffe8b50                rx_table_renew_en
                0x000000003ffe8b54                check_result
                0x000000003ffe8b58                chip6_sleep_params
                0x000000003ffe8bec                chip6_phy_init_ctrl
                0x000000003ffe8c60                phy_freq_offset
                0x000000003ffe8c62                do_pwctrl_flag
                0x000000003ffe8c63                txbk_dpdby_flag
                0x000000003ffe8c65                sw_scan_mode
                0x000000003ffe8c66                rxmax_ext_level
                0x000000003ffe8c68                phy_rx_gain_dc_table
                0x000000003ffe8c7c                periodic_cal_dc_num
                0x000000003ffe8c80                periodic_cal_flag
                0x000000003ffe8c81                bbpll_cal_flag
                0x000000003ffe8c82                phy_in_most_power
                0x000000003ffe8c83                init_rf_no_cal
                0x000000003ffe8c84                test_print_time
                0x000000003ffe8c88                phy_rx_gain_dc_flag
                0x000000003ffe8c89                phy_in_vdd33_offset
                0x000000003ffe8c8a                phy_set_most_tpw_disbg
                0x000000003ffe8c8b                phy_set_most_tpw_index
                0x000000003ffe8c8c                adc_rand_noise
                0x000000003ffe8c90                dpd_bypass_original
                0x000000003ffe8c92                phy_txpwr_diff_flash
                0x000000003ffe8c98                noise_array
 *fill*         0x000000003ffe8ca3        0x1 
 .bss           0x000000003ffe8ca4        0x9 /opt/esp-open-sdk/sdk/lib/libphy.a(phy_chip_v6_cal.o)
                0x000000003ffe8ca4                phy_tx_power_out
                0x000000003ffe8ca6                phy_tx_pwr_error
                0x000000003ffe8ca8                tx_pwctrl_track_num
                0x000000003ffe8ca9                rxiq_cover_fail_num
                0x000000003ffe8caa                phy_meas_freq_offset
                0x000000003ffe8cac                tx_pwctrl_pk_num
 *fill*         0x000000003ffe8cad        0x3 
 .bss           0x000000003ffe8cb0        0x7 /opt/esp-open-sdk/sdk/lib/libphy.a(phy_sleep.o)
                0x000000003ffe8cb0                periodic_cal_sat
                0x000000003ffe8cb2                lslp_mem_opt_8266
                0x000000003ffe8cb4                software_slp_reject
                0x000000003ffe8cb5                SDIO_slp_reject
                0x000000003ffe8cb6                hardware_reject
 *fill*         0x000000003ffe8cb7        0x9 
 .bss           0x000000003ffe8cc0       0x40 /opt/esp-open-sdk/sdk/lib/libpp.a(if_hwctrl.o)
                0x000000003ffe8cc0                interface_mask
                0x000000003ffe8ce0                if_ctrl
 .bss           0x000000003ffe8d00      0x150 /opt/esp-open-sdk/sdk/lib/libpp.a(lmac.o)
                0x000000003ffe8d04                lmacConfMib
                0x000000003ffe8d28                our_tx_eb
 .bss           0x000000003ffe8e50      0x11a /opt/esp-open-sdk/sdk/lib/libpp.a(pm.o)
                0x000000003ffe8e50                pmc
                0x000000003ffe8f30                flash_tmp
 *fill*         0x000000003ffe8f6a        0x2 
 .bss           0x000000003ffe8f6c       0x34 /opt/esp-open-sdk/sdk/lib/libpp.a(pm_for_bcn_only_mode.o)
 .bss           0x000000003ffe8fa0      0x322 /opt/esp-open-sdk/sdk/lib/libpp.a(pp.o)
                0x000000003ffe8fb8                pend_flag_noise_check
                0x000000003ffe8fc0                pend_flag_periodic_cal
                0x000000003ffe8fd8                idle_timer_reopen_flag
                0x000000003ffe8fda                dbg_stop_sw_wdt
                0x000000003ffe8fdb                dbg_stop_hw_wdt
                0x000000003ffe8fdd                total_buffed_eb_num
                0x000000003ffe8fe0                HighestFreqOffsetInOneChk
                0x000000003ffe8fe2                LowestFreqOffsetInOneChk
                0x000000003ffe8fe4                DefFreqCalTimer
                0x000000003ffe8ff8                PktNumInOneChk
                0x000000003ffe9180                buffed_eb_arr
 *fill*         0x000000003ffe92c2        0xe 
 .bss           0x000000003ffe92d0      0x100 /opt/esp-open-sdk/sdk/lib/libpp.a(rate_control.o)
 .bss           0x000000003ffe93d0      0x46c /opt/esp-open-sdk/sdk/lib/libpp.a(trc.o)
 *fill*         0x000000003ffe983c        0x4 
 .bss           0x000000003ffe9840     0x2f88 /opt/esp-open-sdk/sdk/lib/libpp.a(wdev.o)
                0x000000003ffe9840                wDevCtrl
                0x000000003ffe99e8                WdevTimOffSet
 *fill*         0x000000003ffec7c8        0x8 
 .bss           0x000000003ffec7d0      0xaa4 /opt/esp-open-sdk/sdk/lib/libpp.a(esf_buf.o)
 .bss           0x000000003ffed274      0x67c /opt/esp-open-sdk/sdk/lib/libnet80211.a(ieee80211.o)
                0x000000003ffed274                g_ic
 .bss           0x000000003ffed8f0       0x56 /opt/esp-open-sdk/sdk/lib/libnet80211.a(ieee80211_hostap.o)
                0x000000003ffed8f0                BcnEb_update
                0x000000003ffed8fd                BcnWithMcastSendStart
                0x000000003ffed8fe                BcnWithMcastSendCnt
                0x000000003ffed918                PendFreeBcnEb
                0x000000003ffed91c                ApFreqCalTimer
                0x000000003ffed930                APRecvBcnStartTick
 *fill*         0x000000003ffed946        0x2 
 .bss           0x000000003ffed948       0xc8 /opt/esp-open-sdk/sdk/lib/libnet80211.a(ieee80211_scan.o)
                0x000000003ffed948                gScanStruct
                0x000000003ffed9f4                connect_scan_flag
                0x000000003ffed9f5                FreqCalCntForScan
                0x000000003ffed9f6                TestStaFreqCalValInput
                0x000000003ffed9f8                auth_type
                0x000000003ffed9fa                scannum
 .bss           0x000000003ffeda10       0x10 /opt/esp-open-sdk/sdk/lib/libnet80211.a(ieee80211_sta.o)
 .bss           0x000000003ffeda20       0x3c /opt/esp-open-sdk/sdk/lib/libnet80211.a(wl_chm.o)
 *fill*         0x000000003ffeda5c        0x4 
 .bss           0x000000003ffeda60      0x37e /opt/esp-open-sdk/sdk/lib/libnet80211.a(wl_cnx.o)
                0x000000003ffeddc0                sta_con_timer
                0x000000003ffeddd4                backup_ni_connect_status
                0x000000003ffeddd8                g_cnx_probe_rc_list_cb
                0x000000003ffedddc                reconnect_flag
                0x000000003ffedddd                no_ap_found_index
 *fill*         0x000000003ffeddde        0x2 
 .bss           0x000000003ffedde0       0x10 /opt/esp-open-sdk/sdk/lib/libnet80211.a(ieee80211_action_vendor.o)
 .bss           0x000000003ffeddf0       0x38 /opt/esp-open-sdk/sdk/lib/liblwip.a(dhcp.o)
                0x000000003ffeddf0                dhcp_rx_options_given
                0x000000003ffede00                dhcp_rx_options_val
 .bss           0x000000003ffede28       0x24 /opt/esp-open-sdk/sdk/lib/liblwip.a(dhcpserver.o)
 *fill*         0x000000003ffede4c        0x4 
 .bss           0x000000003ffede50      0x480 /opt/esp-open-sdk/sdk/lib/liblwip.a(dns.o)
 .bss           0x000000003ffee2d0       0x78 /opt/esp-open-sdk/sdk/lib/liblwip.a(espconn_tcp.o)
                0x000000003ffee2d0                espconn_TaskQueue
 *fill*         0x000000003ffee348        0x8 
 .bss           0x000000003ffee350      0x100 /opt/esp-open-sdk/sdk/lib/liblwip.a(etharp.o)
                0x000000003ffee354                ethzero
 .bss           0x000000003ffee450       0x10 /opt/esp-open-sdk/sdk/lib/liblwip.a(ip_addr.o)
 .bss           0x000000003ffee460       0x12 /opt/esp-open-sdk/sdk/lib/liblwip.a(ip.o)
                0x000000003ffee460                current_iphdr_dest
                0x000000003ffee464                current_iphdr_src
                0x000000003ffee468                current_netif
                0x000000003ffee46c                current_header
 *fill*         0x000000003ffee472        0x2 
 .bss           0x000000003ffee474        0x9 /opt/esp-open-sdk/sdk/lib/liblwip.a(netif.o)
                0x000000003ffee474                netif_list
                0x000000003ffee478                netif_default
 *fill*         0x000000003ffee47d        0x3 
 .bss           0x000000003ffee480        0x4 /opt/esp-open-sdk/sdk/lib/liblwip.a(raw.o)
 .bss           0x000000003ffee484       0x34 /opt/esp-open-sdk/sdk/lib/liblwip.a(tcp_in.o)
                0x000000003ffee4b4                tcp_input_pcb
 .bss           0x000000003ffee4b8       0x1c /opt/esp-open-sdk/sdk/lib/liblwip.a(tcp.o)
                0x000000003ffee4bc                tcp_active_pcbs
                0x000000003ffee4c0                tcp_tmp_pcb
                0x000000003ffee4c4                tcp_tw_pcbs
                0x000000003ffee4c8                tcp_bound_pcbs
                0x000000003ffee4cc                tcp_listen_pcbs
                0x000000003ffee4d0                tcp_ticks
 .bss           0x000000003ffee4d4        0xc /opt/esp-open-sdk/sdk/lib/liblwip.a(timers.o)
 .bss           0x000000003ffee4e0        0x4 /opt/esp-open-sdk/sdk/lib/liblwip.a(udp.o)
                0x000000003ffee4e0                udp_pcbs
 *fill*         0x000000003ffee4e4        0xc 
 .bss           0x000000003ffee4f0      0x104 /opt/esp-open-sdk/sdk/lib/liblwip.a(espconn.o)
                0x000000003ffee4f0                plink_active
                0x000000003ffee4f4                pserver_list
                0x000000003ffee500                premot
                0x000000003ffee5c0                pktinfo
 .bss           0x000000003ffee5f4        0xc /opt/esp-open-sdk/sdk/lib/liblwip.a(igmp.o)
 .bss           0x000000003ffee600      0x26a /opt/esp-open-sdk/sdk/lib/libwpa.a(wpa.o)
 *fill*         0x000000003ffee86a        0x6 
 .bss           0x000000003ffee870        0x8 /opt/esp-open-sdk/sdk/lib/libnet80211.a(ieee80211_crypto_tkip.o)
 *(.bss.*)
 .bss._ZL5ESP01
                0x000000003ffee878       0x30 /opt/sming/Sming/compiler/lib//libsming.a(user_main.o)
 .bss._ZL11INADDR_NONE
                0x000000003ffee8a8        0x8 /opt/sming/Sming/compiler/lib//libsming.a(user_main.o)
 .bss.System    0x000000003ffee8b0       0x2c /opt/sming/Sming/compiler/lib//libsming.a(System.o)
                0x000000003ffee8b0                System
 .bss._ZL5ESP01
                0x000000003ffee8dc       0x30 /opt/sming/Sming/compiler/lib//libsming.a(m_printf.o)
 .bss._ZL11INADDR_NONE
                0x000000003ffee90c        0x8 /opt/sming/Sming/compiler/lib//libsming.a(m_printf.o)
 .bss._ZL5ESP01
                0x000000003ffee914       0x30 /opt/sming/Sming/compiler/lib//libsming.a(IPAddress.o)
 .bss._ZL11INADDR_NONE
                0x000000003ffee944        0x8 /opt/sming/Sming/compiler/lib//libsming.a(IPAddress.o)
 .bss._ZL11INADDR_NONE
                0x000000003ffee94c        0x8 /opt/sming/Sming/compiler/lib//libsming.a(Print.o)
 .bss._ZL11INADDR_NONE
                0x000000003ffee954        0x8 /opt/sming/Sming/compiler/lib//libsming.a(WString.o)
 .bss._delegateFunctionList
                0x000000003ffee95c       0x40 /opt/sming/Sming/compiler/lib//libsming.a(Interrupts.o)
                0x000000003ffee95c                _delegateFunctionList
 .bss._ZL11INADDR_NONE
                0x000000003ffee99c        0x8 /opt/sming/Sming/compiler/lib//libsming.a(Interrupts.o)
 .bss._ZL11INADDR_NONE
                0x000000003ffee9a4        0x8 /opt/sming/Sming/compiler/lib//libsming.a(Digital.o)
 *fill*         0x000000003ffee9ac        0x4 
 .bss.procTimer
                0x000000003ffee9b0       0x30 out/build/app_app.a(application.o)
                0x000000003ffee9b0                procTimer
 .bss._ZL5ESP01
                0x000000003ffee9e0       0x30 out/build/app_app.a(application.o)
 .bss._ZL11INADDR_NONE
                0x000000003ffeea10        0x8 out/build/app_app.a(application.o)
 *(.gnu.linkonce.b.*)
 *(COMMON)
                0x000000003ffeea18                . = ALIGN (0x8)
                0x000000003ffeea18                _bss_end = ABSOLUTE (.)
                0x000000003ffeea18                _heap_start = ABSOLUTE (.)

.irom0.text     0x0000000040209000    0x2f37c
                0x0000000040209000                _irom0_text_start = ABSOLUTE (.)
 *(.irom0.literal .irom.literal .irom.text.literal .irom0.text .irom.text)
 .irom0.text    0x0000000040209000      0xa79 /opt/esp-open-sdk/sdk/lib/libmain.a(app_main.o)
                                        0xc9d (size before relaxing)
                0x00000000402091e8                wdt_init
                0x0000000040209290                user_uart_wait_tx_fifo_empty
                0x0000000040209544                user_rf_pre_init
 *fill*         0x0000000040209a79        0x3 
 .irom0.text    0x0000000040209a7c      0x186 /opt/esp-open-sdk/sdk/lib/libmain.a(ets_timer.o)
                                        0x1b2 (size before relaxing)
                0x0000000040209a84                ets_timer_done
                0x0000000040209ad0                ets_timer_handler_isr
                0x0000000040209ba0                ets_timer_init
 *fill*         0x0000000040209c02        0x2 
 .irom0.text    0x0000000040209c04       0xec /opt/esp-open-sdk/sdk/lib/libmain.a(mem_manager.o)
                                         0xf8 (size before relaxing)
                0x0000000040209c04                check_memleak_debug_enable
                0x0000000040209c70                xPortGetFreeHeapSize
                0x0000000040209c78                vPortInitialiseBlocks
 .irom0.text    0x0000000040209cf0     0x3549 /opt/esp-open-sdk/sdk/lib/libmain.a(user_interface.o)
                                       0x3f9d (size before relaxing)
                0x0000000040209cf4                system_set_os_print
                0x0000000040209d04                system_get_os_print
                0x0000000040209ecc                system_pp_recycle_rx_pkt
                0x0000000040209ee8                system_adc_read
                0x0000000040209f28                system_adc_read_fast
                0x0000000040209f88                system_get_vdd33
                0x0000000040209fb4                system_restart_hook
                0x0000000040209fcc                system_restart_local
                0x000000004020a0ac                system_restart
                0x000000004020a108                system_restore
                0x000000004020a170                system_get_flash_size_map
                0x000000004020a190                system_get_boot_version
                0x000000004020a1c8                system_get_test_result
                0x000000004020a1f0                system_get_userbin_addr
                0x000000004020a288                system_get_boot_mode
                0x000000004020a2b8                system_restart_enhance
                0x000000004020a3e8                system_upgrade_userbin_set
                0x000000004020a434                system_upgrade_userbin_check
                0x000000004020a474                system_upgrade_flag_set
                0x000000004020a488                system_upgrade_flag_check
                0x000000004020a4b0                system_upgrade_reboot
                0x000000004020a5e4                system_deep_sleep_instant
                0x000000004020a77c                system_deep_sleep
                0x000000004020a7dc                system_deep_sleep_set_option
                0x000000004020a7f8                system_phy_temperature_alert
                0x000000004020a80c                system_phy_set_max_tpw
                0x000000004020a820                system_phy_set_tpw_via_vdd33
                0x000000004020a834                system_phy_set_rfoption
                0x000000004020a848                system_phy_set_powerup_option
                0x000000004020a860                system_update_cpu_freq
                0x000000004020a8bc                system_get_cpu_freq
                0x000000004020a8d4                system_overclock
                0x000000004020a900                system_restoreclock
                0x000000004020a930                system_timer_reinit
                0x000000004020a948                system_relative_time
                0x000000004020a96c                system_station_got_ip_set
                0x000000004020aa98                system_print_meminfo
                0x000000004020aaf8                system_get_free_heap_size
                0x000000004020ab10                system_get_chip_id
                0x000000004020ab34                system_rtc_clock_cali_proc
                0x000000004020ab48                system_get_rtc_time
                0x000000004020ab5c                system_mktime
                0x000000004020ac2c                system_init_done_cb
                0x000000004020ac34                system_get_rst_info
                0x000000004020ac3c                system_get_data_of_array_8
                0x000000004020ac60                system_get_data_of_array_16
                0x000000004020ac88                system_get_string_from_flash
                0x000000004020acf4                wifi_softap_dhcps_start
                0x000000004020ad3c                wifi_softap_dhcps_stop
                0x000000004020ad7c                wifi_softap_dhcps_status
                0x000000004020ad84                wifi_station_dhcpc_start
                0x000000004020addc                wifi_station_dhcpc_stop
                0x000000004020ae1c                wifi_station_dhcpc_event
                0x000000004020ae90                wifi_station_dhcpc_set_maxtry
                0x000000004020aea0                wifi_station_dhcpc_status
                0x000000004020af18                wifi_get_opmode
                0x000000004020af2c                wifi_get_opmode_default
                0x000000004020afa8                wifi_get_broadcast_if
                0x000000004020afe4                wifi_set_broadcast_if
                0x000000004020b160                wifi_set_opmode
                0x000000004020b174                wifi_set_opmode_current
                0x000000004020b188                system_get_checksum
                0x000000004020b1d0                wifi_param_save_protect_with_check
                0x000000004020b28c                system_param_save_with_protect
                0x000000004020b334                system_save_sys_param
                0x000000004020b360                system_param_load
                0x000000004020b498                wifi_station_get_config
                0x000000004020b4ac                wifi_station_get_config_default
                0x000000004020b4cc                wifi_station_get_ap_info
                0x000000004020b584                wifi_station_ap_number_set
                0x000000004020b918                wifi_station_set_config
                0x000000004020b930                wifi_station_set_config_current
                0x000000004020b948                wifi_station_restore_config
                0x000000004020b960                wifi_station_get_current_ap_id
                0x000000004020b974                wifi_station_ap_check
                0x000000004020b9bc                wifi_station_ap_change
                0x000000004020bae8                wifi_station_scan
                0x000000004020bb34                wifi_station_get_auto_connect
                0x000000004020bb48                wifi_station_set_auto_connect
                0x000000004020bb98                wifi_station_save_pmk2cache
                0x000000004020bc4c                wifi_station_connect
                0x000000004020bce0                wifi_station_disconnect
                0x000000004020bda0                wifi_station_get_connect_status
                0x000000004020bdd0                wifi_station_set_reconnect_policy
                0x000000004020bde8                wifi_station_get_reconnect_policy
                0x000000004020bdf0                wifi_station_get_rssi
                0x000000004020be40                wifi_station_set_default_hostname
                0x000000004020bea8                wifi_station_get_hostname
                0x000000004020bed8                wifi_station_set_hostname
                0x000000004020bf78                wifi_softap_cacl_mac
                0x000000004020bfe8                wifi_softap_set_default_ssid
                0x000000004020c1c8                wifi_softap_get_config
                0x000000004020c1dc                wifi_softap_get_config_default
                0x000000004020c530                wifi_softap_set_config
                0x000000004020c544                wifi_softap_set_config_current
                0x000000004020c558                wifi_softap_set_station_info
                0x000000004020c5c4                wifi_softap_get_station_info
                0x000000004020c674                wifi_softap_free_station_info
                0x000000004020c6bc                wifi_softap_get_station_num
                0x000000004020c710                wifi_softap_deauth
                0x000000004020c7c0                wifi_softap_get_beacon_only_mode
                0x000000004020c7d4                wifi_softap_set_beacon_only_mode
                0x000000004020c838                wifi_register_user_ie_manufacturer_recv_cb
                0x000000004020c84c                wifi_unregister_user_ie_manufacturer_recv_cb
                0x000000004020c880                wifi_set_user_ie
                0x000000004020c990                wifi_get_user_ie
                0x000000004020c9c4                wifi_get_phy_mode
                0x000000004020c9cc                wifi_set_phy_mode
                0x000000004020ca94                wifi_set_sleep_type
                0x000000004020cab0                wifi_get_sleep_type
                0x000000004020cac8                wifi_get_channel
                0x000000004020cae0                wifi_set_channel
                0x000000004020cb24                wifi_promiscuous_set_mac
                0x000000004020cb84                wifi_promiscuous_enable
                0x000000004020cc68                wifi_set_promiscuous_rx_cb
                0x000000004020cc78                wifi_get_ip_info
                0x000000004020ccf8                wifi_set_ip_info
                0x000000004020cd6c                wifi_get_macaddr
                0x000000004020cdcc                wifi_set_macaddr
                0x000000004020cee8                wifi_enable_6m_rate
                0x000000004020cef0                wifi_get_user_fixed_rate
                0x000000004020cf10                wifi_set_user_fixed_rate
                0x000000004020cf30                wifi_set_user_sup_rate
                0x000000004020cf6c                wifi_set_user_rate_limit
                0x000000004020cf90                wifi_get_user_limit_rate_mask
                0x000000004020cf98                wifi_set_user_limit_rate_mask
                0x000000004020cfb0                wifi_register_send_pkt_freedom_cb
                0x000000004020cfc4                wifi_unregister_send_pkt_freedom_cb
                0x000000004020cfd0                wifi_send_pkt_freedom
                0x000000004020d01c                wifi_rfid_locp_recv_open
                0x000000004020d030                wifi_rfid_locp_recv_close
                0x000000004020d044                wifi_register_rfid_locp_recv_cb
                0x000000004020d058                wifi_unregister_rfid_locp_recv_cb
                0x000000004020d070                wifi_status_led_install
                0x000000004020d0a4                wifi_status_led_uninstall
                0x000000004020d0c8                wifi_set_status_led_output_level
                0x000000004020d11c                wifi_set_event_handler_cb
                0x000000004020d164                system_os_task
                0x000000004020d1a0                system_uart_swap
                0x000000004020d200                system_uart_de_swap
                0x000000004020d234                system_get_sdk_version
 *fill*         0x000000004020d239        0x3 
 .irom0.text    0x000000004020d23c      0x610 /opt/esp-open-sdk/sdk/lib/libmain.a(eagle_lib.o)
                                        0x620 (size before relaxing)
                0x000000004020d240                divide
                0x000000004020d27c                skip_atoi
                0x000000004020d3fc                ets_vsnprintf
                0x000000004020d75c                ets_vsprintf
                0x000000004020d780                ets_sprintf
                0x000000004020d7a8                ets_strcat
                0x000000004020d7c8                ets_strrchr
                0x000000004020d7f4                ets_strchr
                0x000000004020d80c                bit_popcount
                0x000000004020d828                ets_snprintf
 .irom0.text    0x000000004020d84c      0x31e /opt/esp-open-sdk/sdk/lib/libmain.a(eagle_lwip_if.o)
                                        0x3e6 (size before relaxing)
                0x000000004020d904                eagle_lwip_if_alloc
                0x000000004020dac4                eagle_lwip_if_free
                0x000000004020db48                eagle_lwip_getif
 *fill*         0x000000004020db6a        0x2 
 .irom0.literal
                0x000000004020db6c        0x4 /opt/sming/Sming/compiler/lib//libmicroc.a(malloc.o)
                                         0x14 (size before relaxing)
 .irom0.literal
                0x000000004020db70        0x4 /opt/sming/Sming/compiler/lib//libmicroc.a(abort.o)
                                          0x8 (size before relaxing)
 .irom0.literal
                0x000000004020db74        0x8 /opt/sming/Sming/compiler/lib//libmicrogcc.a(_divsf3.o)
                                         0x10 (size before relaxing)
 .irom0.text    0x000000004020db7c       0x65 /opt/sming/Sming/compiler/lib//libmicroc.a(malloc.o)
                0x000000004020db7c                malloc
                0x000000004020db90                free
                0x000000004020dba4                realloc
                0x000000004020dbb8                zalloc
                0x000000004020dbcc                calloc
 *fill*         0x000000004020dbe1        0x3 
 .irom0.text    0x000000004020dbe4       0x11 /opt/sming/Sming/compiler/lib//libmicroc.a(abort.o)
                0x000000004020dbe4                abort
 *fill*         0x000000004020dbf5        0x3 
 .irom0.text    0x000000004020dbf8       0xfa /opt/esp-open-sdk/sdk/lib/libphy.a(phy.o)
                                        0x11e (size before relaxing)
                0x000000004020dbfc                rf_init
                0x000000004020dc18                bb_init
                0x000000004020dc30                phy_init
                0x000000004020dc60                RFChannelSel
                0x000000004020dc7c                phy_delete_channel
                0x000000004020dc94                phy_enable_agc
                0x000000004020dcac                phy_disable_agc
                0x000000004020dcc4                phy_initialize_bb
                0x000000004020dcdc                phy_set_sense
 *fill*         0x000000004020dcf2        0x2 
 .irom0.text    0x000000004020dcf4     0x176f /opt/esp-open-sdk/sdk/lib/libphy.a(phy_chip_v6_ana.o)
                                       0x1973 (size before relaxing)
                0x000000004020dcf8                ram_pbus_set_rxgain
                0x000000004020ddd0                ram_pbus_debugmode
                0x000000004020de84                ram_pbus_xpd_tx_on
                0x000000004020def0                set_rf_freq_offset
                0x000000004020df60                chip_v6_rxmax_ext_ana
                0x000000004020e0b4                ram_chip_v6_rx_init
                0x000000004020e0e8                tsen_meas
                0x000000004020e198                readvdd33
                0x000000004020e364                txpwr_offset
                0x000000004020e420                set_txcap_reg
                0x000000004020e4a0                ram_ana_inf_gating_en
                0x000000004020e600                ram_restart_cal
                0x000000004020e66c                wait_rfpll_cal_end
                0x000000004020e700                ram_rfpll_set_freq
                0x000000004020e808                ram_set_channel_freq
                0x000000004020eb04                chip_60_set_channel
                0x000000004020eca4                chip_v6_set_chan_offset
                0x000000004020ed04                chip_v6_set_chan
                0x000000004020edac                chip_v6_set_chan_wakeup
                0x000000004020ee30                chip_v6_rf_init
                0x000000004020f094                low_power_set
                0x000000004020f0e4                test_tout
                0x000000004020f25c                check_data_flag
                0x000000004020f27c                phy_get_check_flag
                0x000000004020f3b0                phy_get_vdd33
 *fill*         0x000000004020f463        0x1 
 .irom0.text    0x000000004020f464     0x3e98 /opt/esp-open-sdk/sdk/lib/libphy.a(phy_chip_v6.o)
                                       0x453c (size before relaxing)
                0x000000004020f464                ram_tx_mac_enable
                0x000000004020f468                ram_tx_mac_disable
                0x000000004020f46c                rtc_mem_backup
                0x000000004020f49c                rtc_mem_recovery
                0x000000004020f4cc                set_cal_rxdc
                0x000000004020f580                set_rx_gain_cal_iq
                0x000000004020f8dc                gen_rx_gain_table
                0x000000004020fa34                pbus_set_rxbbgain
                0x000000004020fab4                set_rx_gain_testchip_50
                0x000000004020fde8                ram_get_corr_power
                0x000000004020fed8                check_data_func
                0x000000004020fef8                do_noisefloor_lsleep_v50
                0x000000004020ff2c                do_noisefloor
                0x000000004020ff9c                start_dig_rx
                0x000000004020ffe0                stop_dig_rx
                0x000000004021000c                chip_v6_set_chanfreq
                0x000000004021003c                tx_cap_init
                0x0000000040210228                target_power_add_backoff
                0x0000000040210258                tx_pwctrl_init_cal
                0x00000000402103d0                tx_atten_set_interp
                0x0000000040210630                check_tx_pwr_cal
                0x0000000040210774                tx_pwctrl_init
                0x0000000040210898                ram_get_noisefloor
                0x00000000402108b4                get_noisefloor_sat
                0x00000000402108e4                ram_set_noise_floor
                0x0000000040210940                ram_start_noisefloor
                0x000000004021098c                read_hw_noisefloor
                0x00000000402109b8                noise_check_loop
                0x0000000040210b14                noise_init
                0x0000000040210d14                target_power_backoff
                0x0000000040210d68                sdt_on_noise_start
                0x0000000040210de8                chip_v6_set_chan_rx_cmp
                0x0000000040210f74                chip_v6_set_chan_misc
                0x0000000040211008                phy_dig_spur_set
                0x0000000040211360                phy_dig_spur_prot
                0x0000000040211598                chip_v6_rxmax_ext_dig
                0x00000000402115e4                chip_v6_rxmax_ext
                0x0000000040211690                phy_bb_rx_cfg
                0x0000000040211aa8                uart_wait_idle
                0x0000000040211ae0                phy_pbus_soc_cfg
                0x0000000040211b98                phy_gpio_cfg
                0x0000000040211db0                tx_cont_en
                0x0000000040211e58                tx_cont_dis
                0x0000000040211eac                tx_cont_cfg
                0x0000000040211ecc                chip_v6_initialize_bb
                0x0000000040212038                periodic_cal
                0x0000000040212118                bbpll_cal
                0x00000000402121b0                periodic_cal_top
                0x0000000040212210                register_chipv6_phy_init_param
                0x00000000402124b8                change_bbpll160_sleep
                0x0000000040212668                change_bbpll160
                0x00000000402126a0                set_crystal_uart
                0x0000000040212734                ant_switch_init
                0x00000000402127e4                reduce_current_init
                0x00000000402128d0                rtc_mem_check
                0x000000004021290c                phy_afterwake_set_rfoption
                0x000000004021292c                deep_sleep_set_option
                0x0000000040212958                write_data_to_rtc
                0x0000000040212990                get_data_from_rtc
                0x0000000040212a10                register_chipv6_phy
                0x0000000040212eac                set_dpd_bypass
                0x0000000040212ed4                set_rf_gain_stage10
                0x0000000040212f04                get_vdd33_offset
                0x0000000040212f78                get_phy_target_power
                0x000000004021302c                set_most_pwr_reg
                0x0000000040213100                phy_set_most_tpw
                0x0000000040213120                phy_vdd33_set_tpw
                0x0000000040213138                get_adc_rand
                0x000000004021316c                phy_get_rand
                0x0000000040213184                phy_tx_pwctrl_cali
                0x00000000402131ac                phy_check_data_table
                0x00000000402131e8                phy_after_init_enrx
                0x000000004021324c                phy_set_rx11b_reg
                0x0000000040213280                phy_set_powerup_option
                0x0000000040213290                phy_get_txpwr_param
                0x00000000402132dc                phy_get_rxnf_param
                0x00000000402132e8                phy_get_freq_param
 .irom0.text    0x00000000402132fc     0x2178 /opt/esp-open-sdk/sdk/lib/libphy.a(phy_chip_v6_cal.o)
                                       0x23a4 (size before relaxing)
                0x00000000402132fc                txbbgain2dcoindex
                0x000000004021331c                dcoindex2txbbgain
                0x0000000040213340                init_cal_dcoffset
                0x0000000040213404                set_rfanagain_dc_reg
                0x00000000402134a0                set_txdc_pbus
                0x000000004021350c                get_rf_gain_qdb
                0x0000000040213534                correct_rf_ana_gain
                0x000000004021363c                get_sar_dout
                0x00000000402136c8                cal_rf_ana_gain
                0x00000000402137f4                meas_tone_pwr_db
                0x0000000040213864                tx_pwr_backoff
                0x00000000402139ec                get_fcc_1m2m_pwr_offset
                0x0000000040213a28                ram_set_txbb_atten
                0x0000000040213abc                txiq_get_mis_pwr
                0x0000000040213b64                txiq_cover
                0x0000000040213d80                ram_rfcal_txiq
                0x0000000040213ff0                rc_cal
                0x00000000402141b0                get_target_power_offset
                0x00000000402142b8                get_pwctrl_correct
                0x0000000040214310                tx_pwctrl_cal
                0x000000004021460c                tx_pwctrl_bg_init
                0x0000000040214684                tx_pwctrl_background
                0x000000004021473c                read_sar_dout
                0x00000000402147a0                ram_get_fm_sar_dout
                0x0000000040214844                ram_cal_tos_v60
                0x0000000040214a14                ram_get_bb_atten
                0x0000000040214a44                ram_rfcal_txcap
                0x0000000040214c08                ram_rfcal_pwrctrl
                0x0000000040214e30                ram_rxiq_get_mis
                0x0000000040215000                ram_rxiq_cover_mg_mp
                0x00000000402151a4                ram_rfcal_rxiq
                0x00000000402153b0                dpd_scale_set
                0x00000000402153f8                dpd_mem_write
 .irom0.text    0x0000000040215474      0xd9a /opt/esp-open-sdk/sdk/lib/libphy.a(phy_sleep.o)
                                        0xfc6 (size before relaxing)
                0x0000000040215474                pm_usec2rtc
                0x00000000402154a8                pm_rtc2usec
                0x00000000402154b8                pm_set_sleep_cycles
                0x00000000402154dc                pm_sleep_opt
                0x0000000040215620                pm_wakeup_opt
                0x0000000040215658                get_chip_version
                0x0000000040215698                pm_sleep_opt_bb_off
                0x00000000402156d8                pm_sleep_opt_bb_on
                0x0000000040215720                pm_set_pll_xtal_wait_time
                0x000000004021574c                pm_prepare_to_sleep
                0x0000000040215754                pm_sdio_nidle
                0x00000000402157c8                chg_lslp_mem_opt_8266
                0x00000000402157f8                pm_goto_sleep
                0x0000000040215944                pm_wait4wakeup
                0x0000000040215980                pm_open_rf
                0x00000000402159c4                pm_sleep_set_mac
                0x0000000040215a48                pm_set_wakeup_mac
                0x0000000040215ae0                pm_check_mac_idle
                0x0000000040215b38                pm_set_sleep_btco
                0x0000000040215bd8                pm_set_wakeup_btco
                0x0000000040215cf0                pm_set_sleep_mode
                0x0000000040215e0c                pm_unmask_bt
                0x0000000040215e74                pm_wakeup_init
                0x00000000402160b4                sleep_opt_8266
                0x00000000402160d4                sleep_opt_bb_on_8266
                0x000000004021610c                sleep_reset_analog_rtcreg_8266
 *fill*         0x000000004021620e        0x2 
 .irom0.text    0x0000000040216210      0x469 /opt/esp-open-sdk/sdk/lib/libpp.a(if_hwctrl.o)
                                        0x581 (size before relaxing)
                0x0000000040216230                ic_get_addr
                0x000000004021623c                ic_set_opmode
                0x0000000040216250                ic_enable_interface
                0x00000000402162a0                ic_interface_enabled
                0x00000000402162b4                ic_disable_interface
                0x00000000402162fc                ic_is_pure_sta
                0x0000000040216318                ic_get_ptk_alg
                0x0000000040216328                ic_get_gtk_alg
                0x0000000040216338                ic_set_ptk_alg
                0x0000000040216348                ic_set_gtk_alg
                0x0000000040216358                ic_interface_is_p2p
                0x00000000402163f0                ic_set_vif
                0x00000000402164b0                ic_set_sta
                0x0000000040216588                ic_bss_info_update
                0x00000000402165e4                ic_set_key
                0x0000000040216640                ic_remove_key
                0x0000000040216654                ic_get_rssi
 *fill*         0x0000000040216679        0x3 
 .irom0.text    0x000000004021667c      0x100 /opt/esp-open-sdk/sdk/lib/libpp.a(lmac.o)
                                        0x118 (size before relaxing)
                0x0000000040216680                lmacInitAc
                0x00000000402166b4                lmacInit
                0x0000000040216760                lmacSetRetryLimit
 .irom0.text    0x000000004021677c     0x19f9 /opt/esp-open-sdk/sdk/lib/libpp.a(pm.o)
                                       0x1f91 (size before relaxing)
                0x0000000040216784                pm_rtc_clock_cali_proc
                0x00000000402167bc                pm_get_ck170_period
                0x00000000402167e0                pm_set_sleep_time
                0x0000000040216b64                pm_rf_is_closed
                0x0000000040216b94                pm_set_sleep_type_from_upper
                0x0000000040216c84                pm_get_sleep_type
                0x0000000040216e40                uart_tx_flush
                0x0000000040216e44                pm_suspend
                0x0000000040217064                pm_shutdown
                0x000000004021712c                pm_reset_idle_sleep
                0x000000004021716c                pm_idle_sleep
                0x0000000040217178                pm_open
                0x0000000040217258                pm_onBcnRx
                0x00000000402175f0                StopLightSleepSetFunc
                0x00000000402175f8                LightSleepWakedCbSetFunc
                0x0000000040217bb4                pm_enable_gpio_wakeup
                0x0000000040217bec                pm_attach
                0x0000000040217ce0                pm_send_nullfunc
                0x0000000040217e84                pm_is_waked
                0x0000000040217e9c                pm_is_open
                0x0000000040217eb4                pm_scan_lock
                0x0000000040217edc                pm_try_scan_unlock
                0x0000000040217ef4                pm_force_scan_unlock
                0x0000000040217f98                pm_scan_unlocked
                0x0000000040217fac                pm_allow_tx
                0x0000000040217fc8                pm_assoc_parse
                0x0000000040217fe0                pm_set_addr
                0x0000000040218000                pm_sleep_for
                0x0000000040218030                pm_post
                0x0000000040218134                pm_get_idle_wait_time
 *fill*         0x0000000040218175        0x3 
 .irom0.text    0x0000000040218178      0xb48 /opt/esp-open-sdk/sdk/lib/libpp.a(pm_for_bcn_only_mode.o)
                                        0xf0c (size before relaxing)
                0x000000004021818c                wifi_fpm_set_sleep_type
                0x000000004021818c                fpm_set_type_from_upper
                0x0000000040218248                wifi_fpm_get_sleep_type
                0x0000000040218248                fpm_get_slp_type
                0x0000000040218250                fpm_rf_is_closed
                0x0000000040218264                fpm_is_open
                0x0000000040218270                fpm_allow_tx
                0x0000000040218294                wifi_fpm_close
                0x0000000040218294                fpm_close
                0x0000000040218310                wifi_fpm_open
                0x0000000040218310                fpm_open
                0x0000000040218378                fpm_attach
                0x000000004021855c                wifi_fpm_set_wakeup_cb
                0x000000004021855c                fpm_set_wakeup_cb
                0x00000000402186a0                wifi_fpm_do_wakeup
                0x00000000402186a0                fpm_do_wakeup
                0x0000000040218bd8                fpm_do_sleep
                0x0000000040218bd8                wifi_fpm_do_sleep
                0x0000000040218c78                fpm_auto_sleep_set_in_null_mode
                0x0000000040218c78                wifi_fpm_auto_sleep_set_in_null_mode
                0x0000000040218cb8                get_fpm_auto_sleep_flag
 .irom0.text    0x0000000040218cc0     0x15ba /opt/esp-open-sdk/sdk/lib/libpp.a(pp.o)
                                       0x19a2 (size before relaxing)
                0x0000000040218ccc                PPWdtReset
                0x0000000040218d00                pp_soft_wdt_init
                0x0000000040218d20                system_soft_wdt_feed
                0x0000000040218d20                pp_soft_wdt_feed
                0x0000000040218d3c                pp_soft_wdt_stop
                0x0000000040218d3c                system_soft_wdt_stop
                0x0000000040218d68                pp_soft_wdt_restart
                0x0000000040218d68                system_soft_wdt_restart
                0x0000000040218da0                RxNodeNum
                0x0000000040218db8                TxNodeNum
                0x0000000040218ddc                pp_disable_noise_timer
                0x0000000040218dfc                pp_enable_noise_timer
                0x0000000040218f0c                pp_noise_test
                0x0000000040218f1c                reset_noise_timer
                0x0000000040218f54                pp_disable_idle_timer
                0x0000000040218f78                pp_enable_idle_timer
                0x0000000040218fa0                pp_try_enable_idle_timer
                0x0000000040218fdc                ppPeocessRxPktHdr
                0x0000000040219310                HdlAllBuffedEb
                0x0000000040219398                ppTxPkt
                0x0000000040219510                ppProcessWaitQ
                0x0000000040219520                ppRegisterTxCallback
                0x0000000040219548                ppUnregisterTxCallback
                0x000000004021957c                ppRecycleRxPkt
                0x00000000402195dc                ppCheckTxIdle
                0x0000000040219858                pp_tx_idle_timeout
                0x0000000040219a1c                DefFreqCalTimerCB
                0x0000000040219d98                ppGetTxQFirstAvail_Locked
                0x0000000040219e78                pp_attach
 *fill*         0x000000004021a27a        0x2 
 .irom0.text    0x000000004021a27c      0x296 /opt/esp-open-sdk/sdk/lib/libpp.a(rate_control.o)
                                        0x2a2 (size before relaxing)
                0x000000004021a4c8                RC_SetBasicRate
 *fill*         0x000000004021a512        0x2 
 .irom0.text    0x000000004021a514      0x5e9 /opt/esp-open-sdk/sdk/lib/libpp.a(trc.o)
                                        0x64d (size before relaxing)
                0x000000004021a514                phytype2mode
                0x000000004021a530                rc_set_rate_limit_id
                0x000000004021a64c                rcUpdatePhyMode
                0x000000004021a818                rcAttach
                0x000000004021a864                rcGetTrc
                0x000000004021a86c                trc_onDisconnect
                0x000000004021a870                trc_onScanStart
                0x000000004021a884                trc_onScanDone
                0x000000004021a8a0                rc_enable_trc
                0x000000004021a978                rc_get_mask
                0x000000004021a98c                rc_disable_trc
                0x000000004021a9e0                rc_disable_trc_by_interface
                0x000000004021a9fc                rc_get_sta_trc
                0x000000004021aa40                rc_get_trc
                0x000000004021aab0                rc_get_trc_by_index
                0x000000004021aad0                rc_only_sta_trc
 *fill*         0x000000004021aafd        0x3 
 .irom0.text    0x000000004021ab00      0xaf7 /opt/esp-open-sdk/sdk/lib/libpp.a(wdev.o)
                                        0xc53 (size before relaxing)
                0x000000004021ab0c                wDev_Option_Init
                0x000000004021ac00                wDev_Enable_Beacon_Tsf
                0x000000004021ac1c                wDev_Disable_Beacon_Tsf
                0x000000004021ac38                wDev_Set_Beacon_Int
                0x000000004021ac40                wDev_Reset_TBTT
                0x000000004021ac70                wDev_Get_Next_TBTT
                0x000000004021aeec                wDev_Initialize
                0x000000004021af5c                wDevForceAck6M
                0x000000004021af78                wDev_SetMacAddress
                0x000000004021b014                wDev_SetRxPolicy
                0x000000004021b068                wDev_SetBssid
                0x000000004021b140                wDev_ClearBssid
                0x000000004021b178                wDev_Insert_KeyEntry
                0x000000004021b26c                wDev_remove_KeyEntry
                0x000000004021b2a8                wDev_remove_KeyEntry_all_cnx
                0x000000004021b2f8                wDev_Crypto_Conf
                0x000000004021b394                wDev_Crypto_Disable
                0x000000004021b3cc                wDevEnableRx
                0x000000004021b3f4                wdev_go_sniffer
                0x000000004021b4d0                wdev_set_sniffer_addr
                0x000000004021b528                wdev_exit_sniffer
 *fill*         0x000000004021b5f7        0x1 
 .irom0.text    0x000000004021b5f8      0x3ed /opt/esp-open-sdk/sdk/lib/libpp.a(esf_buf.o)
                                        0x4c1 (size before relaxing)
                0x000000004021b600                esf_buf_alloc
                0x000000004021b7e8                esf_buf_recycle
                0x000000004021b928                esf_buf_setup
 *fill*         0x000000004021b9e5        0x3 
 .irom0.text    0x000000004021b9e8      0x475 /opt/esp-open-sdk/sdk/lib/libnet80211.a(ieee80211.o)
                                        0x545 (size before relaxing)
                0x000000004021ba6c                ieee80211_rate_ref_init
                0x000000004021ba80                ieee80211_freedom_inside_cb
                0x000000004021bab0                ieee80211_freedom_init
                0x000000004021bad4                ieee80211_user_ie_init
                0x000000004021baf0                ieee80211_ifattach
                0x000000004021bb54                ieee80211_mhz2ieee
                0x000000004021bbb0                ieee80211_chan2ieee
                0x000000004021bbcc                ieee80211_ieee2mhz
                0x000000004021bc0c                ieee80211_find_channel
                0x000000004021bc38                ieee80211_find_channel_byieee
                0x000000004021bc88                wifi_mode_set
 *fill*         0x000000004021be5d        0x3 
 .irom0.text    0x000000004021be60       0xcf /opt/esp-open-sdk/sdk/lib/libnet80211.a(ieee80211_crypto.o)
                                         0xd7 (size before relaxing)
                0x000000004021be60                ieee80211_crypto_attach
                0x000000004021be64                ieee80211_crypto_available
                0x000000004021be68                ieee80211_crypto_setkey
                0x000000004021be6c                ieee80211_crypto_encap
                0x000000004021bec4                ieee80211_crypto_decap
 *fill*         0x000000004021bf2f        0x1 
 .irom0.text    0x000000004021bf30       0x4c /opt/esp-open-sdk/sdk/lib/libnet80211.a(ieee80211_ets.o)
                                         0x50 (size before relaxing)
                0x000000004021bf34                ieee80211_getmgtframe
 .irom0.text    0x000000004021bf7c     0x1a08 /opt/esp-open-sdk/sdk/lib/libnet80211.a(ieee80211_hostap.o)
                                       0x1f77 (size before relaxing)
                0x000000004021c5a0                ieee80211_hostap_attach
                0x000000004021c69c                hostap_handle_timer
                0x000000004021c734                hostap_input
                0x000000004021d680                wifi_softap_start
                0x000000004021d7ec                wifi_softap_stop
 *fill*         0x000000004021d984        0x0 
 .irom0.text    0x000000004021d984      0xa82 /opt/esp-open-sdk/sdk/lib/libnet80211.a(ieee80211_ht.o)
                                        0xb4e (size before relaxing)
                0x000000004021d994                ieee80211_ht_attach
                0x000000004021d9e8                ieee80211_ht_node_init
                0x000000004021da28                ieee80211_ht_node_cleanup
                0x000000004021da60                ieee80211_parse_htcap
                0x000000004021db44                ieee80211_ht_updateparams
                0x000000004021dc58                ieee80211_setup_htrates
                0x000000004021dd24                ieee80211_setup_basic_htrates
                0x000000004021e070                ieee80211_add_htcap
                0x000000004021e08c                ieee80211_add_htcap_vendor
                0x000000004021e1b0                ieee80211_add_htinfo
                0x000000004021e1cc                ieee80211_add_htinfo_vendor
 *fill*         0x000000004021e406        0x2 
 .irom0.text    0x000000004021e408      0xa8c /opt/esp-open-sdk/sdk/lib/libnet80211.a(ieee80211_input.o)
                                        0xb1c (size before relaxing)
                0x000000004021e408                ieee80211_deliver_data
                0x000000004021e45c                ieee80211_decap
                0x000000004021e560                ieee80211_setup_rates
                0x000000004021e5d0                ieee80211_alloc_challenge
                0x000000004021e60c                ieee80211_parse_beacon
                0x000000004021ebe0                ieee80211_parse_wpa
                0x000000004021ecf4                ieee80211_parse_rsn
                0x000000004021edf4                ieee80211_parse_action
                0x000000004021ee90                ieee80211_setup_rateset
 .irom0.text    0x000000004021ee94      0x2a6 /opt/esp-open-sdk/sdk/lib/libnet80211.a(ieee80211_mesh_quick.o)
                                        0x302 (size before relaxing)
                0x000000004021eea0                ieee80211_mesh_quick_init
                0x000000004021ef10                ieee80211_mesh_quick_deinit
                0x000000004021ef40                ieee80211_mesh_quick_set
                0x000000004021f03c                ieee80211_mesh_quick_get
                0x000000004021f108                ieee80211_mesh_quick_ie_add
 *fill*         0x000000004021f13a        0x2 
 .irom0.text    0x000000004021f13c     0x1c56 /opt/esp-open-sdk/sdk/lib/libnet80211.a(ieee80211_output.o)
                                       0x1ff2 (size before relaxing)
                0x000000004021f140                ieee80211_output_pbuf
                0x000000004021f3b0                ieee80211_send_setup
                0x000000004021f4e4                ieee80211_mgmt_output
                0x000000004021f5c8                ieee80211_tx_mgt_cb
                0x000000004021f5cc                ieee80211_send_nulldata
                0x000000004021fa3c                ieee80211_add_rates
                0x000000004021fa8c                ieee80211_add_xrates
                0x000000004021fb5c                ieee80211_send_probereq
                0x000000004021fd70                ieee80211_getcapinfo
                0x000000004021fdcc                ieee80211_send_mgmt
                0x0000000040220374                ieee80211_alloc_proberesp
                0x000000004022054c                ieee80211_send_proberesp
                0x0000000040220694                ieee80211_alloc_deauth
                0x00000000402206d4                ieee80211_send_deauth
                0x0000000040220810                ieee80211_freedom_output
                0x0000000040220bfc                ieee80211_beacon_alloc
 *fill*         0x0000000040220d92        0x2 
 .irom0.text    0x0000000040220d94       0xe0 /opt/esp-open-sdk/sdk/lib/libnet80211.a(ieee80211_phy.o)
                                        0x108 (size before relaxing)
                0x0000000040220d94                ieee80211_phy_init
                0x0000000040220dc8                ieee80211_phy_type_get
                0x0000000040220de4                ieee80211_setup_ratetable
 .irom0.text    0x0000000040220e74      0x1b6 /opt/esp-open-sdk/sdk/lib/libnet80211.a(ieee80211_power.o)
                                        0x1f2 (size before relaxing)
                0x0000000040220e74                ieee80211_psq_init
                0x0000000040220e94                ieee80211_psq_cleanup
                0x0000000040220e9c                ieee80211_set_tim
                0x0000000040220edc                ieee80211_pwrsave
                0x0000000040220f44                pwrsave_flushq
                0x0000000040220ff4                ieee80211_node_pwrsave
 *fill*         0x000000004022102a        0x2 
 .irom0.text    0x000000004022102c      0x101 /opt/esp-open-sdk/sdk/lib/libnet80211.a(ieee80211_proto.o)
                                        0x129 (size before relaxing)
                0x0000000040221030                ieee80211_proto_attach
                0x0000000040221058                ieee80211_set_shortslottime
                0x0000000040221074                ieee80211_iserp_rateset
                0x00000000402210a8                ieee80211_wme_initparams
                0x00000000402210ac                ieee80211_wme_updateparams
                0x00000000402210b4                ieee80211_mlme_connect_bss
 *fill*         0x000000004022112d        0x3 
 .irom0.text    0x0000000040221130       0xaa /opt/esp-open-sdk/sdk/lib/libnet80211.a(ieee80211_rfid.o)
                                         0xd6 (size before relaxing)
                0x0000000040221130                ieee80211_rfid_locp_recv_open
                0x0000000040221168                ieee80211_rfid_locp_recv_close
                0x0000000040221180                ieee80211_rfid_locp_recv_reset
                0x00000000402211a0                ieee80211_rfid_locp_recv
                0x00000000402211bc                register_ieee80211_rfid_locp_recv_cb
                0x00000000402211d0                unregister_ieee80211_rfid_locp_recv_cb
 *fill*         0x00000000402211da        0x2 
 .irom0.text    0x00000000402211dc      0xf51 /opt/esp-open-sdk/sdk/lib/libnet80211.a(ieee80211_scan.o)
                                       0x12a1 (size before relaxing)
                0x00000000402211e8                ieee80211_scan_attach
                0x000000004022127c                scan_start
                0x000000004022143c                scan_pm_channel_op_cb
                0x00000000402215dc                scan_cancel
                0x0000000040221738                scan_add_bssid
                0x000000004022175c                scan_remove_bssid
                0x0000000040221768                scan_hidden_ssid
                0x0000000040221770                scan_add_probe_ssid
                0x00000000402217c4                scan_remove_probe_ssid
                0x0000000040221900                scan_clear_channles
                0x0000000040221974                scan_set_desChan
                0x0000000040221980                scan_get_type
                0x0000000040221988                cannel_scan_connect_state
                0x00000000402219a0                scan_connect_state
                0x00000000402219e8                scan_check_hidden
                0x0000000040221a14                scan_profile_check
                0x0000000040221dbc                scan_parse_beacon
 *fill*         0x000000004022212d        0x3 
 .irom0.text    0x0000000040222130     0x103e /opt/esp-open-sdk/sdk/lib/libnet80211.a(ieee80211_sta.o)
                                       0x12c1 (size before relaxing)
                0x000000004022218c                sta_status_set
                0x00000000402221f8                ieee80211_sta_new_state
                0x0000000040222588                sta_input
                0x0000000040222ad4                ieee80211_parse_wmeparams
                0x00000000402230c4                wifi_station_start
                0x0000000040223134                wifi_station_stop
 *fill*         0x000000004022316e        0x2 
 .irom0.text    0x0000000040223170      0x29e /opt/esp-open-sdk/sdk/lib/libnet80211.a(wl_chm.o)
                                        0x31e (size before relaxing)
                0x000000004022317c                chm_init
                0x00000000402231e0                chm_acquire_lock
                0x0000000040223224                chm_release_lock
                0x0000000040223238                chm_start_op
                0x00000000402232dc                chm_end_op
                0x0000000040223324                chm_cancel_op
                0x0000000040223358                chm_return_home_channel
                0x0000000040223388                chm_set_current_channel
                0x00000000402233b8                chm_freq2index
                0x00000000402233e0                chm_check_same_channel
 *fill*         0x000000004022340e        0x2 
 .irom0.text    0x0000000040223410     0x17d9 /opt/esp-open-sdk/sdk/lib/libnet80211.a(wl_cnx.o)
                                       0x1d4d (size before relaxing)
                0x000000004022341c                cnx_attach
                0x000000004022345c                cnx_sta_connect_led_timer_cb
                0x00000000402234b0                cnx_sta_connect_cmd
                0x000000004022356c                cnx_sta_scan_cmd
                0x00000000402237d4                cnx_connect_timeout
                0x0000000040223850                cnx_auth_timeout
                0x0000000040223874                cnx_assoc_timeout
                0x0000000040223898                cnx_handshake_timeout
                0x00000000402238d8                cnx_start_handoff_cb
                0x0000000040223d48                cnx_bss_alloc
                0x0000000040223de8                cnx_rc_search
                0x0000000040223e68                cnx_add_rc
                0x0000000040223ed4                cnx_remove_all_rc
                0x0000000040223f20                cnx_remove_rc
                0x0000000040223ff0                cnx_rc_update_rssi
                0x0000000040224078                cnx_rc_update_state_metric
                0x00000000402240e4                cnx_rc_update_age
                0x0000000040224108                cnx_update_bss
                0x000000004022413c                cnx_update_bss_more
                0x0000000040224318                cnx_sta_leave
                0x00000000402245ac                cnx_sta_associated
                0x00000000402246b4                cnx_node_alloc
                0x0000000040224728                cnx_node_remove
                0x00000000402247b4                cnx_node_search
                0x0000000040224830                cnx_node_leave
                0x0000000040224930                wifi_softap_staconnected_event_policy
                0x0000000040224958                wifi_softap_toomany_deny
                0x0000000040224994                cnx_node_join
 *fill*         0x0000000040224be9        0x3 
 .irom0.text    0x0000000040224bec      0x16f /opt/esp-open-sdk/sdk/lib/libnet80211.a(ieee80211_action.o)
                                        0x193 (size before relaxing)
                0x0000000040224bfc                ieee80211_send_action_register
                0x0000000040224c30                ieee80211_send_action_unregister
                0x0000000040224c44                ieee80211_send_action
                0x0000000040224cb0                ieee80211_recv_action_register
                0x0000000040224ce4                ieee80211_recv_action_unregister
                0x0000000040224cf8                ieee80211_recv_action
 *fill*         0x0000000040224d5b        0x1 
 .irom0.text    0x0000000040224d5c      0x479 /opt/esp-open-sdk/sdk/lib/libnet80211.a(ieee80211_action_vendor.o)
                                        0x505 (size before relaxing)
                0x0000000040224d60                get_iav_key
                0x0000000040224d80                register_ieee80211_action_vendor_get_key_cb
                0x0000000040224d94                unregister_ieee80211_action_vendor_get_key_cb
                0x0000000040224da8                ieee80211_add_action_vendor_spec_esp
                0x0000000040224df0                ieee80211_alloc_action_vendor_spec
                0x0000000040224edc                ieee80211_send_action_vendor_spec
                0x0000000040225070                ieee80211_recv_action_vendor_spec
                0x0000000040225178                ieee80211_action_vendor_spec_attach
                0x00000000402251b8                register_ieee80211_action_vendor_spec_cb
                0x00000000402251cc                unregister_ieee80211_action_vendor_spec_cb
 *fill*         0x00000000402251d5        0x3 
 .irom0.text    0x00000000402251d8      0x15d /opt/esp-open-sdk/sdk/lib/libnet80211.a(ieee80211_crypto_ccmp.o)
                                        0x165 (size before relaxing)
 *fill*         0x0000000040225335        0x3 
 .irom0.text    0x0000000040225338      0x23d /opt/esp-open-sdk/sdk/lib/libnet80211.a(ieee80211_ie_vendor.o)
                                        0x25d (size before relaxing)
                0x000000004022533c                ieee80211_add_ie_vendor_esp_head
                0x0000000040225374                ieee80211_add_ie_vendor_esp_mesh_assoc
                0x00000000402253f8                ieee80211_add_ie_vendor_esp_mesh_group
                0x0000000040225428                ieee80211_add_ie_vendor_esp_simple_pair
                0x0000000040225478                ieee80211_add_ie_vendor_esp_freq_annon
                0x00000000402254b0                ieee80211_add_ie_vendor_esp_now
                0x00000000402254e8                ieee80211_add_ie_vendor_esp_ssid
                0x0000000040225528                ieee80211_add_ie_vendor_esp_manufacturer
 *fill*         0x0000000040225575        0x3 
 .irom0.text    0x0000000040225578     0x146a /opt/esp-open-sdk/sdk/lib/liblwip.a(dhcp.o)
                                       0x1666 (size before relaxing)
                0x00000000402257f4                dhcp_coarse_tmr
                0x0000000040225840                dhcp_fine_tmr
                0x0000000040225a98                dhcp_set_struct
                0x0000000040225ac0                dhcp_cleanup
                0x0000000040225aec                dhcp_start
                0x0000000040225ba4                dhcp_inform
                0x0000000040225c50                dhcp_network_changed
                0x0000000040225c98                dhcp_arp_reply
                0x0000000040225f94                dhcp_renew
                0x00000000402262c0                dhcp_release
                0x0000000040226380                dhcp_stop
 *fill*         0x00000000402269e2        0x2 
 .irom0.text    0x00000000402269e4      0xdd6 /opt/esp-open-sdk/sdk/lib/liblwip.a(dhcpserver.o)
                                       0x1006 (size before relaxing)
                0x00000000402269e4                node_insert_to_list
                0x0000000040226a1c                node_remove_from_list
                0x0000000040227124                dhcps_start
                0x000000004022718c                dhcps_stop
                0x00000000402271f8                wifi_softap_set_dhcps_lease
                0x00000000402272e4                wifi_softap_get_dhcps_lease
                0x0000000040227384                dhcps_coarse_tmr
                0x00000000402273f8                wifi_softap_set_dhcps_offer_option
                0x000000004022743c                wifi_softap_set_dhcps_lease_time
                0x000000004022746c                wifi_softap_reset_dhcps_lease_time
                0x0000000040227498                wifi_softap_get_dhcps_lease_time
                0x00000000402274a0                wifi_softap_dhcps_client_leave
                0x0000000040227548                wifi_softap_dhcps_client_update
 *fill*         0x00000000402277ba        0x2 
 .irom0.text    0x00000000402277bc      0x5cf /opt/esp-open-sdk/sdk/lib/liblwip.a(dns.o)
                                        0x68b (size before relaxing)
                0x00000000402277c8                dns_init
                0x0000000040227808                dns_setserver
                0x0000000040227828                dns_getserver
                0x000000004022783c                dns_tmr
                0x0000000040227d34                dns_gethostbyname
 *fill*         0x0000000040227d8b        0x1 
 .irom0.text    0x0000000040227d8c      0xfe4 /opt/esp-open-sdk/sdk/lib/liblwip.a(espconn_tcp.o)
                                       0x1308 (size before relaxing)
                0x0000000040227e74                espconn_kill_oldest_pcb
                0x0000000040227ef8                espconn_kill_pcb
                0x0000000040227f74                espconn_find_current_pcb
                0x0000000040228010                espconn_tcp_memp_free
                0x000000004022827c                espconn_tcp_sent
                0x0000000040228334                espconn_tcp_disconnect
                0x00000000402283dc                espconn_recv_hold
                0x0000000040228420                espconn_recv_unhold
                0x000000004022852c                espconn_tcp_write
                0x000000004022875c                espconn_tcp_client
                0x0000000040228c0c                espconn_tcp_server
                0x0000000040228cc8                espconn_tcp_delete
                0x0000000040228d54                espconn_init
 .irom0.text    0x0000000040228d70      0x8cf /opt/esp-open-sdk/sdk/lib/liblwip.a(etharp.o)
                                        0x9b7 (size before relaxing)
                0x0000000040228da4                etharp_tmr
                0x0000000040228fd0                etharp_cleanup_netif
                0x000000004022900c                etharp_find_addr
                0x0000000040229260                etharp_output
                0x0000000040229374                etharp_query
                0x00000000402295a4                etharp_request
                0x00000000402295c8                ethernet_input
 *fill*         0x000000004022963f        0x1 
 .irom0.text    0x0000000040229640       0x40 /opt/esp-open-sdk/sdk/lib/liblwip.a(init.o)
                                         0x60 (size before relaxing)
                0x0000000040229644                lwip_init
 .irom0.text    0x0000000040229680      0x37a /opt/esp-open-sdk/sdk/lib/liblwip.a(ip_addr.o)
                                        0x3a2 (size before relaxing)
                0x0000000040229680                ip4_addr_isbroadcast
                0x00000000402296ac                ip4_addr_netmask_valid
                0x00000000402296ec                ipaddr_addr
                0x0000000040229708                ipaddr_aton
                0x0000000040229924                ipaddr_ntoa
                0x0000000040229938                ipaddr_ntoa_r
 *fill*         0x00000000402299fa        0x2 
 .irom0.text    0x00000000402299fc      0x581 /opt/esp-open-sdk/sdk/lib/liblwip.a(ip.o)
                                        0x62d (size before relaxing)
                0x00000000402299fc                ip_route
                0x0000000040229a78                ip_router
                0x0000000040229af4                ip_input
                0x0000000040229d4c                ip_output_if
                0x0000000040229d68                ip_output_if_opt
                0x0000000040229f44                ip_output
 *fill*         0x0000000040229f7d        0x3 
 .irom0.text    0x0000000040229f80      0x27d /opt/esp-open-sdk/sdk/lib/liblwip.a(netif.o)
                                        0x2bd (size before relaxing)
                0x0000000040229f80                netif_init
                0x0000000040229f88                netif_add
                0x0000000040229ff0                netif_set_addr
                0x000000004022a018                netif_remove
                0x000000004022a074                netif_find
                0x000000004022a0b0                netif_set_ipaddr
                0x000000004022a118                netif_set_gw
                0x000000004022a128                netif_set_netmask
                0x000000004022a138                netif_set_default
                0x000000004022a140                netif_set_up
                0x000000004022a17c                netif_set_down
                0x000000004022a1a0                netif_set_link_up
                0x000000004022a1ec                netif_set_link_down
 *fill*         0x000000004022a1fd        0x3 
 .irom0.text    0x000000004022a200      0x68e /opt/esp-open-sdk/sdk/lib/liblwip.a(pbuf.o)
                                        0x6f6 (size before relaxing)
                0x000000004022a200                pbuf_free_ooseq_new
                0x000000004022a258                pbuf_alloc
                0x000000004022a3b8                pbuf_realloc
                0x000000004022a400                pbuf_header
                0x000000004022a46c                pbuf_free
                0x000000004022a4f8                pbuf_clen
                0x000000004022a510                pbuf_ref
                0x000000004022a51c                pbuf_cat
                0x000000004022a548                pbuf_chain
                0x000000004022a564                pbuf_dechain
                0x000000004022a5a0                pbuf_copy
                0x000000004022a644                pbuf_copy_partial
                0x000000004022a6c4                pbuf_take
                0x000000004022a724                pbuf_coalesce
                0x000000004022a758                pbuf_get_at
                0x000000004022a780                pbuf_memcmp
                0x000000004022a7ec                pbuf_memfind
                0x000000004022a844                pbuf_strstr
 *fill*         0x000000004022a88e        0x2 
 .irom0.text    0x000000004022a890      0x1f1 /opt/esp-open-sdk/sdk/lib/liblwip.a(raw.o)
                                        0x249 (size before relaxing)
                0x000000004022a898                raw_input
                0x000000004022a920                raw_bind
                0x000000004022a930                raw_connect
                0x000000004022a940                raw_recv
                0x000000004022a948                raw_sendto
                0x000000004022a9e4                raw_send
                0x000000004022a9fc                raw_remove
                0x000000004022aa38                raw_new
 *fill*         0x000000004022aa81        0x3 
 .irom0.text    0x000000004022aa84     0x157c /opt/esp-open-sdk/sdk/lib/liblwip.a(tcp_in.o)
                                       0x17c0 (size before relaxing)
                0x000000004022aa8c                tcp_input
 .irom0.text    0x000000004022c000      0xaeb /opt/esp-open-sdk/sdk/lib/liblwip.a(tcp.o)
                                        0xc23 (size before relaxing)
                0x000000004022c004                tcp_tmr
                0x000000004022c028                tcp_close
                0x000000004022c04c                tcp_shutdown
                0x000000004022c0ac                tcp_abandon
                0x000000004022c154                tcp_abort
                0x000000004022c16c                tcp_bind
                0x000000004022c1e8                tcp_listen_with_backlog
                0x000000004022c2a8                tcp_update_rcv_ann_wnd